// Vitest Snapshot v1

exports[`runs file transform > generate cjs for single mock file 1`] = `
"var __defProp = Object.defineProperty;
var __getOwnPropDesc = Object.getOwnPropertyDescriptor;
var __getOwnPropNames = Object.getOwnPropertyNames;
var __hasOwnProp = Object.prototype.hasOwnProperty;
var __export = (target, all) => {
  for (var name in all)
    __defProp(target, name, { get: all[name], enumerable: true });
};
var __copyProps = (to, from, except, desc) => {
  if (from && typeof from === \\"object\\" || typeof from === \\"function\\") {
    for (let key of __getOwnPropNames(from))
      if (!__hasOwnProp.call(to, key) && key !== except)
        __defProp(to, key, { get: () => from[key], enumerable: !(desc = __getOwnPropDesc(from, key)) || desc.enumerable });
  }
  return to;
};
var __toCommonJS = (mod) => __copyProps(__defProp({}, \\"__esModule\\", { value: true }), mod);

// test/fixture/base.ts
var base_exports = {};
__export(base_exports, {
  default: () => base_default
});
module.exports = __toCommonJS(base_exports);
var base_default = [
  {
    url: \\"/api/base\\",
    method: \\"get\\",
    response: () => {
      return {
        code: 0,
        data: {
          name: \\"Tedy Base\\"
        }
      };
    }
  }
];
// Annotate the CommonJS export names for ESM import in node:
0 && (module.exports = {});
"
`;
